// Jest Snapshot v1, https://goo.gl/fbAQLP

exports[`PageDropDowns snapshot 1`] = `
<form
  style={
    Object {
      "marginTop": 20,
    }
  }
>
  <div
    className="row"
  >
    <div
      className="col"
    >
      <div
        className="form-group"
      >
        <label>
          Exchange
        </label>
        <Select
          defaultValue="chicagomercantileexchange3monthsofrnoncommercial"
        >
          <option
            key="CHICAGO MERCANTILE EXCHANGE"
            value="chicagomercantileexchange3monthsofrnoncommercial"
          >
            CHICAGO MERCANTILE EXCHANGE
          </option>
          <option
            key="ICE FUTURES U.S."
            value="icefuturesususdollarindexnoncommercial"
          >
            ICE FUTURES U.S.
          </option>
        </Select>
      </div>
    </div>
    <div
      className="col"
    >
      <div
        className="form-group"
      >
        <label>
          Market
        </label>
        <Select
          defaultValue="chicagomercantileexchangeeurofxnoncommercial"
        >
          <option
            key="3-MONTH SOFR"
            value="chicagomercantileexchange3monthsofrnoncommercial"
          >
            3-MONTH SOFR
          </option>
          <option
            key="EURO FX"
            value="chicagomercantileexchangeeurofxnoncommercial"
          >
            EURO FX
          </option>
          <option
            key="EURO FX/BRITISH POUND XRATE"
            value="chicagomercantileexchangeeurofxbritishpoundxratenoncommercial"
          >
            EURO FX/BRITISH POUND XRATE
          </option>
        </Select>
      </div>
    </div>
    <div
      className="col"
    >
      <div
        className="form-group"
      >
        <label>
          Trader
        </label>
        <Select
          defaultValue="chicagomercantileexchangeeurofxnoncommercial"
        >
          <option
            key="Commercial"
            value="chicagomercantileexchangeeurofxcommercial"
          >
            Commercial
          </option>
          <option
            key="Noncommercial"
            value="chicagomercantileexchangeeurofxnoncommercial"
          >
            Noncommercial
          </option>
        </Select>
      </div>
    </div>
  </div>
  <script
    dangerouslySetInnerHTML={
      Object {
        "__html": "
  window.cotperspective = {
    assignLocation: window.location.assign.bind(window.location)
  }
  document.getElementById('cotperspective').addEventListener('change', (event) => {
    if (event.target.className.includes('js-page-dropdown-select')) {
      window.cotperspective.assignLocation(event.target.value + '.html')
    }
  })
",
      }
    }
  />
</form>
`;
